==3747469== Memcheck, a memory error detector
==3747469== Copyright (C) 2002-2017, and GNU GPL'd, by Julian Seward et al.
==3747469== Using Valgrind-3.15.0 and LibVEX; rerun with -h for copyright info
==3747469== Command: ./a.out
==3747469== Parent PID: 3638186
==3747469== 
==3747469== 
==3747469== Process terminating with default action of signal 2 (SIGINT)
==3747469==    at 0x4AB2FD2: read (read.c:26)
==3747469==    by 0x4A35B9E: _IO_file_underflow@@GLIBC_2.2.5 (fileops.c:517)
==3747469==    by 0x4A36F85: _IO_default_uflow (genops.c:362)
==3747469==    by 0x4A2886B: _IO_getline_info (iogetline.c:60)
==3747469==    by 0x4A276C9: fgets (iofgets.c:53)
==3747469==    by 0x10AC45: main (tetrashell.c:96)
==3747469== 
==3747469== HEAP SUMMARY:
==3747469==     in use at exit: 36,944 bytes in 8 blocks
==3747469==   total heap usage: 12 allocs, 4 frees, 43,560 bytes allocated
==3747469== 
==3747469== LEAK SUMMARY:
==3747469==    definitely lost: 0 bytes in 0 blocks
==3747469==    indirectly lost: 0 bytes in 0 blocks
==3747469==      possibly lost: 0 bytes in 0 blocks
==3747469==    still reachable: 36,944 bytes in 8 blocks
==3747469==         suppressed: 0 bytes in 0 blocks
==3747469== Reachable blocks (those to which a pointer was found) are not shown.
==3747469== To see them, rerun with: --leak-check=full --show-leak-kinds=all
==3747469== 
==3747469== For lists of detected and suppressed errors, rerun with: -s
==3747469== ERROR SUMMARY: 0 errors from 0 contexts (suppressed: 0 from 0)
